src/components/composts/ComPostCard.tsx(24,1): error TS6133: 'toast' is declared but its value is never read.
src/components/videosdk/JoiningScreen.tsx(51,5): error TS6133: 'isCameraPermissionAllowed' is declared but its value is never read.
src/components/videosdk/JoiningScreen.tsx(52,5): error TS6133: 'isMicrophonePermissionAllowed' is declared but its value is never read.
src/components/videosdk/JoiningScreen.tsx(65,28): error TS6133: 'devices' is declared but its value is never read.
src/components/videosdk/JoiningScreen.tsx(286,13): error TS2322: Type '{ participantName: string; setParticipantName: (name: string) => void; onClickStartMeeting: (id: string) => void; micOn: boolean; webcamOn: boolean; initialMode: "join" | "create" | undefined; onClickJoin: (id: string) => Promise<...>; _handleOnCreateMeeting: () => Promise<...>; }' is not assignable to type 'IntrinsicAttributes & MeetingDetailsScreenProps'.
  Property 'onClickStartMeeting' does not exist on type 'IntrinsicAttributes & MeetingDetailsScreenProps'.
src/components/videosdk/MeetingContainer.tsx(2,31): error TS6133: 'useRef' is declared but its value is never read.
src/components/videosdk/MeetingDetailsScreen.tsx(1,8): error TS6133: 'React' is declared but its value is never read.
src/components/videosdk/MeetingDetailsScreen.tsx(19,3): error TS6133: 'onClickJoin' is declared but its value is never read.
src/components/videosdk/ParticipantGrid.tsx(1,1): error TS6133: 'React' is declared but its value is never read.
src/components/videosdk/SessionHistoryModal.tsx(1,8): error TS6133: 'React' is declared but its value is never read.
src/pages/ChannelIdPage.tsx(2,34): error TS6133: 'Link' is declared but its value is never read.
src/pages/ChannelIdPage.tsx(4,55): error TS6133: 'Radio' is declared but its value is never read.
src/pages/ChannelsPage.tsx(2,10): error TS6133: 'Radio' is declared but its value is never read.
src/pages/Chats.tsx(66,10): error TS6133: 'tick' is declared but its value is never read.
src/pages/Chats.tsx(147,16): error TS6133: 'err' is declared but its value is never read.
src/pages/Chats.tsx(227,10): error TS6133: 'pinnedMessages' is declared but its value is never read.
src/pages/Chats.tsx(227,26): error TS6133: 'setPinnedMessages' is declared but its value is never read.
src/pages/CheckUserUpdatePage.tsx(1,39): error TS6133: 'Fragment' is declared but its value is never read.
src/pages/CheckUserUpdatePage.tsx(5,10): error TS6133: 'ArrowLeft' is declared but its value is never read.
src/pages/CheckUserUpdatePage.tsx(5,66): error TS6133: 'UserIcon' is declared but its value is never read.
src/pages/CheckUserUpdatePage.tsx(5,76): error TS6133: 'Calendar' is declared but its value is never read.
src/pages/CheckUserUpdatePage.tsx(5,86): error TS6133: 'Clock' is declared but its value is never read.
src/pages/CheckUserUpdatePage.tsx(6,60): error TS6133: 'DialogClose' is declared but its value is never read.
src/pages/CommunitiesPage.tsx(6,26): error TS6133: 'TrendingUp' is declared but its value is never read.
src/pages/CommunitiesPage.tsx(7,1): error TS6133: 'Button' is declared but its value is never read.
src/pages/CommunitiesPage.tsx(12,1): error TS6133: 'toast' is declared but its value is never read.
src/pages/CommunitiesPage.tsx(14,11): error TS6196: 'Community' is declared but never used.
src/pages/CommunitiesPage.tsx(59,20): error TS6133: 'setFilter' is declared but its value is never read.
src/pages/CommunityViewPage.tsx(7,33): error TS6133: 'ArrowLeft' is declared but its value is never read.
src/pages/CommunityViewPage.tsx(7,57): error TS6133: 'UserPlus' is declared but its value is never read.
src/pages/CommunityViewPage.tsx(7,67): error TS6133: 'UserMinus' is declared but its value is never read.
src/pages/CommunityViewPage.tsx(7,78): error TS6133: 'Clock' is declared but its value is never read.
src/pages/CommunityViewPage.tsx(9,1): error TS6133: 'Input' is declared but its value is never read.
src/pages/CommunityViewPage.tsx(48,12): error TS6133: 'pendingRequests' is declared but its value is never read.
src/pages/CommunityViewPage.tsx(48,29): error TS6133: 'setPendingRequests' is declared but its value is never read.
src/pages/CommunityViewPage.tsx(49,12): error TS6133: 'loadingRequests' is declared but its value is never read.
src/pages/CommunityViewPage.tsx(49,29): error TS6133: 'setLoadingRequests' is declared but its value is never read.
src/pages/CommunityViewPage.tsx(186,19): error TS6133: 'response' is declared but its value is never read.
src/pages/CommunityViewPage.tsx(263,11): error TS6133: 'adminUsername' is declared but its value is never read.
src/pages/ComPostPage.tsx(2,21): error TS6133: 'Link' is declared but its value is never read.
src/pages/ComPostPage.tsx(7,51): error TS6133: 'Globe' is declared but its value is never read.
src/pages/ComPostPage.tsx(7,58): error TS6133: 'User' is declared but its value is never read.
src/pages/ComPostPage.tsx(8,1): error TS6133: 'Button' is declared but its value is never read.
src/pages/ComPostPage.tsx(9,1): error TS6133: 'Input' is declared but its value is never read.
src/pages/ComSearchPage.tsx(3,44): error TS6133: 'Search' is declared but its value is never read.
src/pages/ComSearchPage.tsx(3,58): error TS6133: 'FileText' is declared but its value is never read.
src/pages/CreateSessionPage.tsx(1,8): error TS6133: 'React' is declared but its value is never read.
src/pages/CreateSessionPage.tsx(9,10): error TS6133: 'token' is declared but its value is never read.
src/pages/CreateSessionPage.tsx(10,10): error TS6133: 'meetingId' is declared but its value is never read.
src/pages/EditProfile.tsx(2,23): error TS6133: 'Link' is declared but its value is never read.
src/pages/EditProfile.tsx(4,11): error TS6133: 'Eye' is declared but its value is never read.
src/pages/GroupIdPage.tsx(5,43): error TS6133: 'Type' is declared but its value is never read.
src/pages/GroupIdPage.tsx(77,10): error TS6133: 'croppedBlob' is declared but its value is never read.
src/pages/JoinSessionPage.tsx(1,8): error TS6133: 'React' is declared but its value is never read.
src/pages/JoinSessionPage.tsx(9,10): error TS6133: 'token' is declared but its value is never read.
src/pages/JoinSessionPage.tsx(10,10): error TS6133: 'meetingId' is declared but its value is never read.
src/pages/LiveSessionRoomPage.tsx(1,8): error TS6133: 'React' is declared but its value is never read.
src/pages/LiveSessionsHistory.tsx(1,8): error TS6133: 'React' is declared but its value is never read.
src/pages/LiveSessionsHistory.tsx(9,3): error TS6133: 'Users' is declared but its value is never read.
src/pages/LiveSessionsHistory.tsx(10,3): error TS6133: 'Calendar' is declared but its value is never read.
src/pages/LiveSessionsHistory.tsx(11,3): error TS6133: 'Clock' is declared but its value is never read.
src/pages/LiveSessionsHistory.tsx(16,3): error TS6133: 'RotateCcw' is declared but its value is never read.
src/pages/LiveSessionsHistory.tsx(274,50): error TS6133: 'index' is declared but its value is never read.
src/pages/LiveSessionsPage.tsx(1,8): error TS6133: 'React' is declared but its value is never read.
src/pages/LiveSessionsPage.tsx(9,10): error TS6133: 'token' is declared but its value is never read.
src/pages/LiveSessionsPage.tsx(10,10): error TS6133: 'meetingId' is declared but its value is never read.
src/pages/PostPage.tsx(3,68): error TS6133: 'Trash2' is declared but its value is never read.
src/pages/PostPage.tsx(6,99): error TS6133: 'sharePost' is declared but its value is never read.
src/pages/PostPage.tsx(6,155): error TS6133: 'apiUpdatePost' is declared but its value is never read.
src/pages/PostPage.tsx(148,13): error TS6133: 'res' is declared but its value is never read.
src/pages/Settings.tsx(8,3): error TS6133: 'Lock' is declared but its value is never read.
src/pages/Settings.tsx(9,3): error TS6133: 'Mail' is declared but its value is never read.
src/pages/Settings.tsx(10,3): error TS6133: 'AlertTriangle' is declared but its value is never read.
src/pages/Settings.tsx(12,3): error TS6133: 'Trash2' is declared but its value is never read.
src/pages/Settings.tsx(13,3): error TS6133: 'Eye' is declared but its value is never read.
src/pages/Settings.tsx(14,3): error TS6133: 'EyeOff' is declared but its value is never read.
src/pages/Settings.tsx(16,3): error TS6133: 'CheckCircle' is declared but its value is never read.
src/pages/Settings.tsx(17,3): error TS6133: 'X' is declared but its value is never read.
src/pages/Settings.tsx(18,3): error TS6133: 'ShieldAlert' is declared but its value is never read.
src/pages/Settings.tsx(19,3): error TS6133: 'Flag' is declared but its value is never read.
src/pages/Settings.tsx(20,3): error TS6133: 'MessageSquare' is declared but its value is never read.
src/pages/Settings.tsx(45,10): error TS6133: 'showPasswords' is declared but its value is never read.
src/pages/Settings.tsx(45,25): error TS6133: 'setShowPasswords' is declared but its value is never read.
src/pages/Settings.tsx(51,10): error TS6133: 'isDeleting' is declared but its value is never read.
src/pages/Settings.tsx(77,9): error TS6133: 'handlePasswordChange' is declared but its value is never read.
src/pages/Settings.tsx(99,9): error TS6133: 'handleVerifyEmail' is declared but its value is never read.
src/pages/Settings.tsx(103,9): error TS6133: 'handleDangerAction' is declared but its value is never read.
